<?xml version="1.0" encoding="utf-8"?><testsuites name="pytest tests"><testsuite name="pytest" errors="0" failures="0" skipped="0" tests="18" time="4.935" timestamp="2026-07-25T16:02:05.956076+05:30" hostname="DESKTOP-IS5ORBT"><testcase classname="tests.test_ai" name="test_ai_chat_endpoint" time="0.387" /><testcase classname="tests.test_auth" name="test_send_signup_otp_success" time="0.065" /><testcase classname="tests.test_auth" name="test_send_signup_otp_duplicate_email" time="0.274" /><testcase classname="tests.test_auth" name="test_verify_otp_valid_and_invalid" time="0.060" /><testcase classname="tests.test_auth" name="test_login_success_and_failures" time="0.716" /><testcase classname="tests.test_auth" name="test_protected_endpoint_unauthorized" time="0.062" /><testcase classname="tests.test_calendar" name="test_calendar_events_and_notes" time="0.325" /><testcase classname="tests.test_error_handling" name="test_404_not_found_endpoints" time="0.275" /><testcase classname="tests.test_error_handling" name="test_401_unauthorized_token" time="0.057" /><testcase classname="tests.test_error_handling" name="test_422_validation_error" time="0.272" /><testcase classname="tests.test_goals" name="test_goals_and_daily_goals" time="0.303" /><testcase classname="tests.test_medicine" name="test_medicine_reminders" time="0.315" /><testcase classname="tests.test_notes" name="test_notes_crud_and_search" time="0.318" /><testcase classname="tests.test_projects" name="test_projects_crud" time="0.289" /><testcase classname="tests.test_reminders" name="test_reminders_crud_and_upcoming" time="0.282" /><testcase classname="tests.test_special_days" name="test_special_and_important_days" time="0.281" /><testcase classname="tests.test_storage_sync" name="test_storage_usage_and_sync" time="0.283" /><testcase classname="tests.test_workspaces" name="test_workspaces_crud_and_members" time="0.324" /></testsuite></testsuites>